// Jest Snapshot v1, https://goo.gl/fbAQLP

exports[`HomeScreen renders correctly 1`] = `
<View
  accessibilityIgnoresInvertColors={true}
  style={
    Object {
      "alignItems": "center",
      "backgroundColor": "#2089dc",
      "borderBottomColor": "#f2f2f2",
      "borderBottomWidth": 0.5,
      "flexDirection": "row",
      "height": 64,
      "justifyContent": "space-between",
      "paddingHorizontal": 10,
      "paddingTop": 20,
    }
  }
>
  <Image
    style={
      Array [
        Object {
          "bottom": 0,
          "left": 0,
          "position": "absolute",
          "right": 0,
          "top": 0,
        },
        Object {
          "height": 64,
          "width": undefined,
        },
        undefined,
      ]
    }
    testID="headerContainer"
  />
  <View
    style={
      Object {
        "alignItems": "flex-start",
        "flex": 1,
      }
    }
  >
    <View
      style={
        Object {
          "flex": 1,
          "flexDirection": "row",
        }
      }
    >
      <RCTScrollView>
        <View />
      </RCTScrollView>
      <View
        style={
          Object {
            "borderRadius": 3,
          }
        }
      >
        <View
          accessible={true}
          clickable={true}
          isTVSelectable={true}
          onClick={[Function]}
          onResponderGrant={[Function]}
          onResponderMove={[Function]}
          onResponderRelease={[Function]}
          onResponderTerminate={[Function]}
          onResponderTerminationRequest={[Function]}
          onStartShouldSetResponder={[Function]}
          style={
            Object {
              "opacity": 1,
            }
          }
        >
          <View
            style={
              Object {
                "alignItems": "center",
                "backgroundColor": "#2089dc",
                "borderColor": "#2089dc",
                "borderRadius": 3,
                "borderWidth": 0,
                "flexDirection": "row",
                "justifyContent": "center",
                "padding": 8,
              }
            }
          >
            <View>
              <View
                style={
                  Object {
                    "alignItems": "center",
                    "backgroundColor": "transparent",
                    "justifyContent": "center",
                  }
                }
                theme={
                  Object {
                    "colors": Object {
                      "disabled": "hsl(208, 8%, 90%)",
                      "divider": "#bcbbc1",
                      "error": "#ff190c",
                      "grey0": "#393e42",
                      "grey1": "#43484d",
                      "grey2": "#5e6977",
                      "grey3": "#86939e",
                      "grey4": "#bdc6cf",
                      "grey5": "#e1e8ee",
                      "greyOutline": "#bbb",
                      "platform": Object {
                        "android": Object {
                          "error": "#f44336",
                          "primary": "#2196f3",
                          "secondary": "#9C27B0",
                          "success": "#4caf50",
                          "warning": "#ffeb3b",
                        },
                        "ios": Object {
                          "error": "#ff3b30",
                          "primary": "#007aff",
                          "secondary": "#5856d6",
                          "success": "#4cd964",
                          "warning": "#ffcc00",
                        },
                      },
                      "primary": "#2089dc",
                      "searchBg": "#303337",
                      "secondary": "#8F0CE8",
                      "success": "#52c41a",
                      "warning": "#faad14",
                    },
                  }
                }
                underlayColor="white"
              >
                <Text
                  allowFontScaling={false}
                  style={
                    Array [
                      Object {
                        "color": "black",
                        "fontSize": 15,
                      },
                      Object {
                        "backgroundColor": "transparent",
                      },
                      Object {
                        "fontFamily": "Material Design Icons",
                        "fontStyle": "normal",
                        "fontWeight": "normal",
                      },
                      Object {},
                    ]
                  }
                  testID="iconIcon"
                >
                  ï°ª
                </Text>
              </View>
            </View>
            <Text
              style={
                Object {
                  "color": "white",
                  "fontSize": 18,
                  "paddingBottom": 1,
                  "paddingTop": 2,
                  "textAlign": "center",
                }
              }
            >
              Checkout
            </Text>
          </View>
        </View>
      </View>
    </View>
  </View>
  <View
    style={
      Object {
        "alignItems": "center",
        "flex": 3,
      }
    }
  >
    <View
      style={
        Object {
          "flex": 2,
          "flexDirection": "column",
        }
      }
    />
  </View>
  <View
    style={
      Object {
        "alignItems": "flex-end",
        "flex": 1,
      }
    }
  />
</View>
`;

exports[`renders correctly 1`] = `
<HomeScreen
  items={Array []}
  products={Array []}
/>
`;
